cargo : warning: unused import: `NaiveDateTime`
In Zeile:1 Zeichen:15
+ ...  cherenkov; cargo test --workspace --no-fail-fast > test_output.txt 2 ...
+                 ~~~~~~~~~~~~~~~~~~~~~~~~~~~~~~~~~~~~~~~~~~~~~~~~~~~~~~~~~
    + CategoryInfo          : NotSpecified: (warning: unused import: `NaiveDateTime`:String) [], RemoteException
    + FullyQualifiedErrorId : NativeCommandError
 
 --> crates\cherenkov-db\src\storage.rs:1:29
  |
1 | use chrono::{DateTime, Utc, NaiveDateTime};
  |                             ^^^^^^^^^^^^^
  |
  = note: `#[warn(unused_imports)]` (part of `#[warn(unused)]`) on by default

warning: unused import: `QualityFlag`
 --> crates\cherenkov-db\src\storage.rs:6:31
  |
6 | use crate::{RadiationReading, QualityFlag};
  |                               ^^^^^^^^^^^

warning: unused import: `error`
  --> crates\cherenkov-db\src\lib.rs:15:27
   |
15 | use tracing::{info, warn, error, instrument};
   |                           ^^^^^

warning: unused import: `AsyncCommands`
 --> crates\cherenkov-db\src\cache.rs:1:13
  |
1 | use redis::{AsyncCommands, Client, aio::MultiplexedConnection};
  |             ^^^^^^^^^^^^^

warning: unused variable: `reading`
   --> crates\cherenkov-db\src\scylla.rs:108:13
    |
108 |         for reading in readings {
    |             ^^^^^^^ help: if this is intentional, prefix it with an underscore: `_reading`
    |
    = note: `#[warn(unused_variables)]` (part of `#[warn(unused)]`) on by default

warning: unused variable: `aggregation`
   --> crates\cherenkov-db\src\lib.rs:292:9
    |
292 |         aggregation: AggregationLevel,
    |         ^^^^^^^^^^^ help: if this is intentional, prefix it with an underscore: `_aggregation`

warning: field `client` is never read
  --> crates\cherenkov-db\src\cache.rs:12:5
   |
11 | pub struct RedisCache {
   |            ---------- field in this struct
12 |     client: Client,
   |     ^^^^^^
   |
   = note: `RedisCache` has a derived impl for the trait `Debug`, but this is intentionally ignored during dead code analysis
   = note: `#[warn(dead_code)]` (part of `#[warn(unused)]`) on by default

warning: `cherenkov-db` (lib) generated 7 warnings (run `cargo fix --lib -p cherenkov-db` to apply 5 suggestions)
warning: unused import: `anyhow`
 --> crates\cherenkov-observability\src\tracing.rs:1:22
  |
1 | use anyhow::{Result, anyhow};
  |                      ^^^^^^
  |
  = note: `#[warn(unused_imports)]` (part of `#[warn(unused)]`) on by default

warning: unused import: `std::sync::Arc`
 --> crates\cherenkov-observability\src\logging.rs:4:5
  |
4 | use std::sync::Arc;
  |     ^^^^^^^^^^^^^^

warning: fields `service_version` and `deployment_environment` are never read
  --> crates\cherenkov-observability\src\tracing.rs:11:5
   |
 8 | pub struct TracingService {
   |            -------------- fields in this struct
...
11 |     service_version: String,
   |     ^^^^^^^^^^^^^^^
12 |     deployment_environment: String,
   |     ^^^^^^^^^^^^^^^^^^^^^^
   |
   = note: `#[warn(dead_code)]` (part of `#[warn(unused)]`) on by default

warning: field `config` is never read
   --> crates\cherenkov-observability\src\logging.rs:182:5
    |
180 | pub struct LogEntryBuilder {
    |            --------------- field in this struct
181 |     sender: mpsc::Sender<LogEntry>,
182 |     config: LogConfig,
    |     ^^^^^^

warning: `cherenkov-observability` (lib) generated 4 warnings (run `cargo fix --lib -p cherenkov-observability` to apply 2 suggestions)
warning: unused import: `DVector`
 --> crates\cherenkov-plume\src\dispersion.rs:2:25
  |
2 | use nalgebra::{Vector3, DVector};
  |                         ^^^^^^^
  |
  = note: `#[warn(unused_imports)]` (part of `#[warn(unused)]`) on by default

warning: unused import: `std::sync::Arc`
 --> crates\cherenkov-plume\src\dispersion.rs:6:5
  |
6 | use std::sync::Arc;
  |     ^^^^^^^^^^^^^^

warning: unused variable: `i`
   --> crates\cherenkov-plume\src\dispersion.rs:262:13
    |
262 |         for i in 0..num_particles {
    |             ^ help: if this is intentional, prefix it with an underscore: `_i`
    |
    = note: `#[warn(unused_variables)]` (part of `#[warn(unused)]`) on by default

warning: unused variable: `n`
   --> crates\cherenkov-plume\src\dispersion.rs:424:13
    |
424 |         let n = activities.dims()[0];
    |             ^ help: if this is intentional, prefix it with an underscore: `_n`

warning: type `AtmosphericGrid` is more private than the item `LagrangianDispersion::new`
  --> crates\cherenkov-plume\src\dispersion.rs:77:5
   |
77 |     pub fn new(grid: AtmosphericGrid, config: DispersionConfig) -> Self {
   |     ^^^^^^^^^^^^^^^^^^^^^^^^^^^^^^^^^^^^^^^^^^^^^^^^^^^^^^^^^^^^^^^^^^^ associated function `LagrangianDispersion::new` is reachable at vis
ibility `pub`
   |
note: but type `AtmosphericGrid` is only usable at visibility `pub(self)`
  --> crates\cherenkov-plume\src\dispersion.rs:26:1
   |
26 | struct AtmosphericGrid {
   | ^^^^^^^^^^^^^^^^^^^^^^
   = note: `#[warn(private_interfaces)]` on by default

warning: fields `decay_constant` and `wet_deposition_rate` are never read
  --> crates\cherenkov-plume\src\dispersion.rs:15:5
   |
 9 | pub struct LagrangianDispersion {
   |            -------------------- fields in this struct
...
15 |     decay_constant: f64,
   |     ^^^^^^^^^^^^^^
16 |     dry_deposition_velocity: f64,
17 |     wet_deposition_rate: f64,
   |     ^^^^^^^^^^^^^^^^^^^
   |
   = note: `#[warn(dead_code)]` (part of `#[warn(unused)]`) on by default

warning: fields `levels`, `dy`, and `dz` are never read
  --> crates\cherenkov-plume\src\dispersion.rs:34:5
   |
26 | struct AtmosphericGrid {
   |        --------------- fields in this struct
...
34 |     levels: Vec<f64>,
   |     ^^^^^^
...
39 |     dy: f64,
   |     ^^
40 |     dz: f64,
   |     ^^

warning: fields `mass` and `isotope` are never read
  --> crates\cherenkov-plume\src\dispersion.rs:46:5
   |
43 | struct Particle {
   |        -------- fields in this struct
...
46 |     mass: f64,
   |     ^^^^
...
50 |     isotope: String,
   |     ^^^^^^^

warning: method `sync_from_gpu` is never used
   --> crates\cherenkov-plume\src\dispersion.rs:163:8
    |
 76 | impl LagrangianDispersion {
    | ------------------------- method in this implementation
...
163 |     fn sync_from_gpu(&mut self) -> anyhow::Result<()> {
    |        ^^^^^^^^^^^^^

warning: field `api_keys` is never read
  --> crates\cherenkov-plume\src\weather.rs:71:5
   |
67 | pub struct WeatherIngestService {
   |            -------------------- field in this struct
...
71 |     api_keys: HashMap<String, String>,
   |     ^^^^^^^^

warning: unused import: `error`
 --> crates\cherenkov-ml\src\inference.rs:5:27
  |
5 | use tracing::{info, warn, error};
  |                           ^^^^^
  |
  = note: `#[warn(unused_imports)]` (part of `#[warn(unused)]`) on by default

warning: unused import: `error`
 --> crates\cherenkov-ml\src\training.rs:3:21
  |
3 | use tracing::{info, error, debug, warn};
  |                     ^^^^^

warning: unused import: `Duration`
 --> crates\cherenkov-ml\src\training.rs:8:26
  |
8 | use std::time::{Instant, Duration};
  |                          ^^^^^^^^

warning: field `max_batch_wait_ms` is never read
  --> crates\cherenkov-ml\src\inference.rs:32:5
   |
28 | pub struct InferenceService {
   |            ---------------- field in this struct
...
32 |     max_batch_wait_ms: u64,
   |     ^^^^^^^^^^^^^^^^^
   |
   = note: `#[warn(dead_code)]` (part of `#[warn(unused)]`) on by default

warning: method `augment_sample` is never used
   --> crates\cherenkov-ml\src\training.rs:486:8
    |
180 | impl TrainingPipeline {
    | --------------------- method in this implementation
...
486 |     fn augment_sample(&self, tensor: &Tensor, label: usize) -> anyhow::Result<AugmentedSample> {
    |        ^^^^^^^^^^^^^^

warning: unused import: `tracing::debug`
 --> crates\cherenkov-stream\src\window.rs:6:5
  |
6 | use tracing::debug;
  |     ^^^^^^^^^^^^^^
  |
  = note: `#[warn(unused_imports)]` (part of `#[warn(unused)]`) on by default

warning: unused imports: `debug` and `warn`
 --> crates\cherenkov-stream\src\correlation.rs:5:21
  |
5 | use tracing::{info, debug, warn};
  |                     ^^^^^  ^^^^

warning: unused import: `error`
 --> crates\cherenkov-stream\src\processor.rs:3:34
  |
3 | use tracing::{info, debug, warn, error, instrument};
  |                                  ^^^^^

warning: unused import: `Severity`
 --> crates\cherenkov-stream\src\processor.rs:7:48
  |
7 | use crate::anomaly::{Anomaly, AnomalyDetector, Severity};
  |                                                ^^^^^^^^

warning: variable does not need to be mutable
  --> crates\cherenkov-stream\src\processor.rs:46:22
   |
46 |     pub async fn run(mut self) -> anyhow::Result<()> {
   |                      ----^^^^
   |                      |
   |                      help: remove this `mut`
   |
   = note: `#[warn(unused_mut)]` (part of `#[warn(unused)]`) on by default

warning: unused variable: `db`
   --> crates\cherenkov-stream\src\processor.rs:150:5
    |
150 |     db: &Arc<RadiationDatabase>,
    |     ^^ help: if this is intentional, prefix it with an underscore: `_db`
    |
    = note: `#[warn(unused_variables)]` (part of `#[warn(unused)]`) on by default

warning: fields `windows` and `isolation_forest` are never read
  --> crates\cherenkov-stream\src\anomaly.rs:31:5
   |
30 | pub struct AnomalyDetector {
   |            --------------- fields in this struct
31 |     windows: std::collections::HashMap<String, SensorWindow>,
   |     ^^^^^^^
32 |     isolation_forest: IsolationForest,
   |     ^^^^^^^^^^^^^^^^
   |
   = note: `#[warn(dead_code)]` (part of `#[warn(unused)]`) on by default

warning: fields `trees`, `num_trees`, and `subsample_size` are never read
  --> crates\cherenkov-stream\src\anomaly.rs:36:5
   |
35 | pub struct IsolationForest {
   |            --------------- fields in this struct
36 |     trees: Vec<IsolationTree>,
   |     ^^^^^
37 |     num_trees: usize,
   |     ^^^^^^^^^
38 |     subsample_size: usize,
   |     ^^^^^^^^^^^^^^

warning: fields `root` and `height_limit` are never read
  --> crates\cherenkov-stream\src\anomaly.rs:42:5
   |
41 | struct IsolationTree {
   |        ------------- fields in this struct
42 |     root: Option<Box<Node>>,
   |     ^^^^
43 |     height_limit: usize,
   |     ^^^^^^^^^^^^

warning: fields `feature`, `split_value`, `left`, `right`, and `size` are never read
  --> crates\cherenkov-stream\src\anomaly.rs:47:5
   |
46 | struct Node {
   |        ---- fields in this struct
47 |     feature: usize,
   |     ^^^^^^^
48 |     split_value: f64,
   |     ^^^^^^^^^^^
49 |     left: Option<Box<Node>>,
   |     ^^^^
50 |     right: Option<Box<Node>>,
   |     ^^^^^
51 |     size: usize,
   |     ^^^^

warning: methods `fit` and `anomaly_score` are never used
  --> crates\cherenkov-stream\src\anomaly.rs:64:12
   |
54 | impl IsolationForest {
   | -------------------- methods in this implementation
...
64 |     pub fn fit(&mut self, data: &[Vec<f64>]) {
   |            ^^^
...
72 |     pub fn anomaly_score(&self, point: &[f64]) -> f64 {
   |            ^^^^^^^^^^^^^

warning: function `build_tree` is never used
  --> crates\cherenkov-stream\src\anomaly.rs:93:4
   |
93 | fn build_tree<R: Rng>(data: &[Vec<f64>], current_height: usize, height_limit: usize, rng: &mut R) -> Node {
   |    ^^^^^^^^^^

warning: function `path_length` is never used
   --> crates\cherenkov-stream\src\anomaly.rs:125:4
    |
125 | fn path_length(point: &[f64], node: Option<&Box<Node>>, current_depth: usize) -> f64 {
    |    ^^^^^^^^^^^

warning: function `c` is never used
   --> crates\cherenkov-stream\src\anomaly.rs:139:4
    |
139 | fn c(n: usize) -> f64 {
    |    ^

warning: fields `readings`, `capacity`, `mean`, and `variance` are never read
   --> crates\cherenkov-stream\src\anomaly.rs:147:5
    |
146 | struct SensorWindow {
    |        ------------ fields in this struct
147 |     readings: VecDeque<f64>,
    |     ^^^^^^^^
148 |     capacity: usize,
    |     ^^^^^^^^
149 |     mean: f64,
    |     ^^^^
150 |     variance: f64,
    |     ^^^^^^^^

warning: methods `detect` and `detect_isolation_forest` are never used
   --> crates\cherenkov-stream\src\anomaly.rs:161:12
    |
153 | impl AnomalyDetector {
    | -------------------- methods in this implementation
...
161 |     pub fn detect(&mut self, window: Vec<Reading>) -> Option<Anomaly> {
    |            ^^^^^^
...
208 |     pub fn detect_isolation_forest(&self, point: &[f64]) -> Option<f64> {
    |            ^^^^^^^^^^^^^^^^^^^^^^^

warning: method `update` is never used
   --> crates\cherenkov-stream\src\anomaly.rs:219:8
    |
218 | impl SensorWindow {
    | ----------------- method in this implementation
219 |     fn update(&mut self, value: f64) {
    |        ^^^^^^

warning: struct `Reading` is never constructed
   --> crates\cherenkov-stream\src\anomaly.rs:233:12
    |
233 | pub struct Reading {
    |            ^^^^^^^

warning: fields `window_size`, `slide_interval`, and `sensor_windows` are never read
  --> crates\cherenkov-stream\src\window.rs:12:5
   |
11 | pub struct SlidingWindow {
   |            ------------- fields in this struct
12 |     window_size: Duration,
   |     ^^^^^^^^^^^
13 |     slide_interval: Duration,
   |     ^^^^^^^^^^^^^^
14 |     sensor_windows: HashMap<String, SensorWindow>,
   |     ^^^^^^^^^^^^^^

warning: fields `readings` and `window_size` are never read
  --> crates\cherenkov-stream\src\window.rs:18:5
   |
17 | pub struct SensorWindow {
   |            ------------ fields in this struct
18 |     readings: VecDeque<TimestampedReading>,
   |     ^^^^^^^^
19 |     window_size: Duration,
   |     ^^^^^^^^^^^

warning: fields `timestamp`, `dose_rate`, and `sensor_id` are never read
  --> crates\cherenkov-stream\src\window.rs:24:9
   |
23 | pub struct TimestampedReading {
   |            ------------------ fields in this struct
24 |     pub timestamp: DateTime<Utc>,
   |         ^^^^^^^^^
25 |     pub dose_rate: f64,
   |         ^^^^^^^^^
26 |     pub sensor_id: String,
   |         ^^^^^^^^^
   |
   = note: `TimestampedReading` has derived impls for the traits `Debug` and `Clone`, but these are intentionally ignored during dead code analy
sis

warning: struct `Reading` is never constructed
  --> crates\cherenkov-stream\src\window.rs:31:12
   |
31 | pub struct Reading {
   |            ^^^^^^^

warning: multiple associated items are never used
   --> crates\cherenkov-stream\src\window.rs:38:12
    |
 37 | impl SlidingWindow {
    | ------------------ associated items in this implementation
 38 |     pub fn new(window_size: Duration, slide_interval: Duration) -> Self {
    |            ^^^
...
 47 |     pub fn add(&mut self, reading: RadiationReading) {
    |            ^^^
...
 63 |     pub fn get_window(&self, sensor_id: &str) -> Vec<TimestampedReading> {
    |            ^^^^^^^^^^
...
 71 |     pub fn sensor_ids(&self) -> Vec<String> {
    |            ^^^^^^^^^^
...
 76 |     pub fn cleanup(&mut self) {
    |            ^^^^^^^
...
 87 |     pub fn add_reading(&mut self, reading: Reading) {
    |            ^^^^^^^^^^^
...
102 |     pub fn is_stale(&self, max_age_secs: i64) -> bool {
    |            ^^^^^^^^

warning: associated items `new`, `add`, `get_readings`, `cleanup`, and `is_empty` are never used
   --> crates\cherenkov-stream\src\window.rs:113:8
    |
112 | impl SensorWindow {
    | ----------------- associated items in this implementation
113 |     fn new(window_size: Duration) -> Self {
    |        ^^^
...
120 |     fn add(&mut self, reading: TimestampedReading) {
    |        ^^^
...
125 |     fn get_readings(&self) -> Vec<TimestampedReading> {
    |        ^^^^^^^^^^^^
...
129 |     fn cleanup(&mut self, now: DateTime<Utc>, window_size: Duration) {
    |        ^^^^^^^
...
141 |     fn is_empty(&self) -> bool {
    |        ^^^^^^^^

warning: struct `ConcurrentSlidingWindow` is never constructed
   --> crates\cherenkov-stream\src\window.rs:147:12
    |
147 | pub struct ConcurrentSlidingWindow {
    |            ^^^^^^^^^^^^^^^^^^^^^^^

warning: associated items `new`, `add`, `get_window`, and `cleanup` are never used
   --> crates\cherenkov-stream\src\window.rs:152:12
    |
151 | impl ConcurrentSlidingWindow {
    | ---------------------------- associated items in this implementation
152 |     pub fn new(window_size: Duration, slide_interval: Duration) -> Self {
    |            ^^^
...
158 |     pub async fn add(&self, reading: RadiationReading) {
    |                  ^^^
...
163 |     pub async fn get_window(&self, sensor_id: &str) -> Vec<TimestampedReading> {
    |                  ^^^^^^^^^^
...
168 |     pub async fn cleanup(&self) {
    |                  ^^^^^^^

warning: struct `TumblingWindow` is never constructed
   --> crates\cherenkov-stream\src\window.rs:175:12
    |
175 | pub struct TumblingWindow {
    |            ^^^^^^^^^^^^^^

warning: associated items `new` and `size` are never used
   --> crates\cherenkov-stream\src\window.rs:180:12
    |
179 | impl TumblingWindow {
    | ------------------- associated items in this implementation
180 |     pub fn new(size_secs: u64) -> Self {
    |            ^^^
...
184 |     pub fn size(&self) -> Duration {
    |            ^^^^

warning: struct `WindowedStream` is never constructed
   --> crates\cherenkov-stream\src\window.rs:189:12
    |
189 | pub struct WindowedStream<T> {
    |            ^^^^^^^^^^^^^^

warning: associated items `new` and `push` are never used
   --> crates\cherenkov-stream\src\window.rs:196:12
    |
195 | impl<T> WindowedStream<T> {
    | ------------------------- associated items in this implementation
196 |     pub fn new(window_size: Duration) -> Self {
    |            ^^^
...
204 |     pub fn push(&mut self, item: T) -> Option<Vec<T>> {
    |            ^^^^

warning: fields `temporal_window_secs`, `spatial_radius_km`, `event_buffer`, `facility_db`, `seismic_threshold`, and `radiation_threshold` are n
ever read
  --> crates\cherenkov-stream\src\correlation.rs:9:5
   |
 8 | pub struct CorrelationEngine {
   |            ----------------- fields in this struct
 9 |     temporal_window_secs: u64,
   |     ^^^^^^^^^^^^^^^^^^^^
10 |     spatial_radius_km: f64,
   |     ^^^^^^^^^^^^^^^^^
11 |     event_buffer: Arc<RwLock<Vec<CorrelatedEvent>>>,
   |     ^^^^^^^^^^^^
12 |     facility_db: Arc<RwLock<HashMap<String, NuclearFacility>>>,
   |     ^^^^^^^^^^^
13 |     seismic_threshold: f64,
   |     ^^^^^^^^^^^^^^^^^
14 |     radiation_threshold: f64,
   |     ^^^^^^^^^^^^^^^^^^^

warning: struct `EventCluster` is never constructed
  --> crates\cherenkov-stream\src\correlation.rs:90:12
   |
90 | pub struct EventCluster {
   |            ^^^^^^^^^^^^

warning: enum `ClusterType` is never used
   --> crates\cherenkov-stream\src\correlation.rs:102:10
    |
102 | pub enum ClusterType {
    |          ^^^^^^^^^^^

warning: struct `SeismicRadiationCorrelation` is never constructed
   --> crates\cherenkov-stream\src\correlation.rs:111:12
    |
111 | pub struct SeismicRadiationCorrelation {
    |            ^^^^^^^^^^^^^^^^^^^^^^^^^^^

warning: struct `FacilityStatusInference` is never constructed
   --> crates\cherenkov-stream\src\correlation.rs:121:12
    |
121 | pub struct FacilityStatusInference {
    |            ^^^^^^^^^^^^^^^^^^^^^^^

warning: multiple associated items are never used
   --> crates\cherenkov-stream\src\correlation.rs:131:12
    |
130 | impl CorrelationEngine {
    | ---------------------- associated items in this implementation
131 |     pub fn new(
    |            ^^^
...
167 |     pub async fn add_event(&self, event: CorrelatedEvent) {
    |                  ^^^^^^^^^
...
176 |     pub async fn correlate(&self) -> Vec<EventCluster> {
    |                  ^^^^^^^^^
...
205 |     fn is_related(&self, event: &CorrelatedEvent, cluster: &EventCluster) -> bool {
    |        ^^^^^^^^^^
...
219 |     async fn classify_cluster(&self, cluster: &mut EventCluster) {
    |              ^^^^^^^^^^^^^^^^
...
239 |     fn calculate_severity(&self, cluster: &EventCluster) -> f64 {
    |        ^^^^^^^^^^^^^^^^^^
...
254 |     fn calculate_confidence(&self, cluster: &EventCluster) -> f64 {
    |        ^^^^^^^^^^^^^^^^^^^^
...
262 |     fn calculate_temporal_consistency(&self, cluster: &EventCluster) -> f64 {
    |        ^^^^^^^^^^^^^^^^^^^^^^^^^^^^^^
...
285 |     fn calculate_spatial_consistency(&self, cluster: &EventCluster) -> f64 {
    |        ^^^^^^^^^^^^^^^^^^^^^^^^^^^^^
...
302 |     async fn find_nearby_facilities(&self, location: &GeoPoint) -> Vec<String> {
    |              ^^^^^^^^^^^^^^^^^^^^^^
...
317 |     pub async fn correlate_seismic_radiation(&self) -> Vec<SeismicRadiationCorrelation> {
    |                  ^^^^^^^^^^^^^^^^^^^^^^^^^^^
...
383 |     fn calculate_correlation_score(&self, seismic: &CorrelatedEvent, radiation: &[CorrelatedEvent]) -> f64 {
    |        ^^^^^^^^^^^^^^^^^^^^^^^^^^^
...
391 |     pub async fn infer_facility_status(&self, facility_id: &str) -> Option<FacilityStatusInference> {
    |                  ^^^^^^^^^^^^^^^^^^^^^
...
480 |     pub async fn load_facilities(&self, facilities: Vec<NuclearFacility>) {
    |                  ^^^^^^^^^^^^^^^
...
488 |     pub async fn update_facility_status(&self, facility_id: &str, status: OperationalStatus) {
    |                  ^^^^^^^^^^^^^^^^^^^^^^

warning: associated items `new`, `add`, and `recalculate_center` are never used
   --> crates\cherenkov-stream\src\correlation.rs:498:12
    |
497 | impl EventCluster {
    | ----------------- associated items in this implementation
498 |     pub fn new(event: CorrelatedEvent) -> Self {
    |            ^^^
...
511 |     pub fn add(&mut self, event: CorrelatedEvent) {
    |            ^^^
...
516 |     fn recalculate_center(&mut self) {
    |        ^^^^^^^^^^^^^^^^^^

warning: function `haversine_distance` is never used
   --> crates\cherenkov-stream\src\correlation.rs:538:4
    |
538 | fn haversine_distance(lat1: f64, lon1: f64, lat2: f64, lon2: f64) -> f64 {
    |    ^^^^^^^^^^^^^^^^^^

warning: fields `db`, `ingest_rx`, `detector`, and `windows` are never read
  --> crates\cherenkov-stream\src\processor.rs:12:5
   |
11 | pub struct StreamProcessor {
   |            --------------- fields in this struct
12 |     db: Arc<RadiationDatabase>,
   |     ^^
13 |     ingest_tx: mpsc::Sender<RadiationReading>,
14 |     ingest_rx: mpsc::Receiver<RadiationReading>,
   |     ^^^^^^^^^
15 |     anomaly_tx: broadcast::Sender<Anomaly>,
16 |     detector: Arc<RwLock<AnomalyDetector>>,
   |     ^^^^^^^^
17 |     windows: Arc<RwLock<HashMap<String, SlidingWindow>>>,
   |     ^^^^^^^

warning: associated items `run` and `anomaly_detection_worker` are never used
  --> crates\cherenkov-stream\src\processor.rs:46:18
   |
20 | impl StreamProcessor {
   | -------------------- associated items in this implementation
...
46 |     pub async fn run(mut self) -> anyhow::Result<()> {
   |                  ^^^
...
76 |     async fn anomaly_detection_worker(
   |              ^^^^^^^^^^^^^^^^^^^^^^^^

warning: function `store_anomaly` is never used
   --> crates\cherenkov-stream\src\processor.rs:149:10
    |
149 | async fn store_anomaly(
    |          ^^^^^^^^^^^^^

warning: `cherenkov-plume` (lib) generated 10 warnings (run `cargo fix --lib -p cherenkov-plume` to apply 4 suggestions)
warning: `cherenkov-ml` (lib) generated 5 warnings (run `cargo fix --lib -p cherenkov-ml` to apply 3 suggestions)
warning: `cherenkov-stream` (bin "cherenkov-stream" test) generated 41 warnings (run `cargo fix --bin "cherenkov-stream" -p cherenkov-stream --t
ests` to apply 6 suggestions)
warning: `cherenkov-plume` (lib test) generated 10 warnings (10 duplicates)
warning: `cherenkov-ml` (lib test) generated 5 warnings (5 duplicates)
warning: unused imports: `Deserialize` and `Serialize`
 --> crates\cherenkov-ingest\src\sources_extra.rs:2:13
  |
2 | use serde::{Deserialize, Serialize};
  |             ^^^^^^^^^^^  ^^^^^^^^^
  |
  = note: `#[warn(unused_imports)]` (part of `#[warn(unused)]`) on by default

warning: unused variable: `station_name`
   --> crates\cherenkov-ingest\src\sources.rs:812:21
    |
812 |                 let station_name = cap.get(2).map(|m| m.as_str()).unwrap_or("Unknown");
    |                     ^^^^^^^^^^^^ help: if this is intentional, prefix it with an underscore: `_station_name`
    |
    = note: `#[warn(unused_variables)]` (part of `#[warn(unused)]`) on by default

warning: struct `RawReading` is never constructed
  --> crates\cherenkov-ingest\src\sources.rs:12:12
   |
12 | pub struct RawReading {
   |            ^^^^^^^^^^
   |
   = note: `#[warn(dead_code)]` (part of `#[warn(unused)]`) on by default

warning: fields `city`, `country`, `coordinates`, and `timestamp` are never read
   --> crates\cherenkov-ingest\src\sources.rs:501:5
    |
499 | struct OpenAqMeasurement {
    |        ----------------- fields in this struct
500 |     location: String,
501 |     city: Option<String>,
    |     ^^^^
502 |     country: Option<String>,
    |     ^^^^^^^
503 |     coordinates: Option<OpenAqCoordinates>,
    |     ^^^^^^^^^^^
...
506 |     timestamp: OpenAqTimestamp,
    |     ^^^^^^^^^
    |
    = note: `OpenAqMeasurement` has a derived impl for the trait `Debug`, but this is intentionally ignored during dead code analysis

warning: fields `latitude` and `longitude` are never read
   --> crates\cherenkov-ingest\src\sources.rs:511:5
    |
510 | struct OpenAqCoordinates {
    |        ----------------- fields in this struct
511 |     latitude: f64,
    |     ^^^^^^^^
512 |     longitude: f64,
    |     ^^^^^^^^^
    |
    = note: `OpenAqCoordinates` has a derived impl for the trait `Debug`, but this is intentionally ignored during dead code analysis

warning: field `unit` is never read
   --> crates\cherenkov-ingest\src\sources.rs:519:5
    |
516 | struct OpenAqParameter {
    |        --------------- field in this struct
...
519 |     unit: String,
    |     ^^^^
    |
    = note: `OpenAqParameter` has a derived impl for the trait `Debug`, but this is intentionally ignored during dead code analysis

warning: field `utc` is never read
   --> crates\cherenkov-ingest\src\sources.rs:524:5
    |
523 | struct OpenAqTimestamp {
    |        --------------- field in this struct
524 |     utc: String,
    |     ^^^
    |
    = note: `OpenAqTimestamp` has a derived impl for the trait `Debug`, but this is intentionally ignored during dead code analysis

warning: fields `latitude` and `longitude` are never read
   --> crates\cherenkov-ingest\src\sources.rs:620:5
    |
619 | struct OpenMeteoResponse {
    |        ----------------- fields in this struct
620 |     latitude: f64,
    |     ^^^^^^^^
621 |     longitude: f64,
    |     ^^^^^^^^^
    |
    = note: `OpenMeteoResponse` has a derived impl for the trait `Debug`, but this is intentionally ignored during dead code analysis

warning: fields `relative_humidity_2m`, `wind_direction_10m`, and `pressure_msl` are never read
   --> crates\cherenkov-ingest\src\sources.rs:630:5
    |
627 | struct OpenMeteoHourly {
    |        --------------- fields in this struct
...
630 |     relative_humidity_2m: Vec<f64>,
    |     ^^^^^^^^^^^^^^^^^^^^
631 |     wind_speed_10m: Vec<f64>,
632 |     wind_direction_10m: Vec<f64>,
    |     ^^^^^^^^^^^^^^^^^^
633 |     pressure_msl: Vec<f64>,
    |     ^^^^^^^^^^^^
    |
    = note: `OpenMeteoHourly` has a derived impl for the trait `Debug`, but this is intentionally ignored during dead code analysis

warning: struct `EurdepSource` is never constructed
   --> crates\cherenkov-ingest\src\sources.rs:748:12
    |
748 | pub struct EurdepSource {
    |            ^^^^^^^^^^^^

warning: associated items `new`, `build_soap_request`, and `parse_eurdep_xml` are never used
   --> crates\cherenkov-ingest\src\sources.rs:754:12
    |
753 | impl EurdepSource {
    | ----------------- associated items in this implementation
754 |     pub fn new() -> Self {
    |            ^^^
...
766 |     fn build_soap_request(&self) -> String {
    |        ^^^^^^^^^^^^^^^^^^
...
799 |     fn parse_eurdep_xml(&self, xml_data: &str) -> anyhow::Result<Vec<RadiationReading>> {
    |        ^^^^^^^^^^^^^^^^

warning: field `reactor_type` is never read
   --> crates\cherenkov-ingest\src\sources_extra.rs:384:5
    |
381 | struct ReactorInfo {
    |        ----------- field in this struct
...
384 |     reactor_type: String,
    |     ^^^^^^^^^^^^
    |
    = note: `ReactorInfo` has derived impls for the traits `Clone` and `Debug`, but these are intentionally ignored during dead code analysis

warning: enum `NormalizeError` is never used
 --> crates\cherenkov-ingest\src\normalizer.rs:5:10
  |
5 | pub enum NormalizeError {
  |          ^^^^^^^^^^^^^^

warning: struct `NormalizedReading` is never constructed
  --> crates\cherenkov-ingest\src\normalizer.rs:14:12
   |
14 | pub struct NormalizedReading {
   |            ^^^^^^^^^^^^^^^^^

warning: struct `GeoPoint` is never constructed
  --> crates\cherenkov-ingest\src\normalizer.rs:23:12
   |
23 | pub struct GeoPoint {
   |            ^^^^^^^^

warning: enum `QualityFlag` is never used
  --> crates\cherenkov-ingest\src\normalizer.rs:28:10
   |
28 | pub enum QualityFlag {
   |          ^^^^^^^^^^^

warning: struct `Normalizer` is never constructed
  --> crates\cherenkov-ingest\src\normalizer.rs:34:12
   |
34 | pub struct Normalizer;
   |            ^^^^^^^^^^

warning: associated items `new` and `normalize` are never used
  --> crates\cherenkov-ingest\src\normalizer.rs:37:12
   |
36 | impl Normalizer {
   | --------------- associated items in this implementation
37 |     pub fn new() -> Self {
   |            ^^^
...
41 |     pub async fn normalize(&self, raw: RawReading) -> Result<NormalizedReading, NormalizeError> {
   |                  ^^^^^^^^^

warning: function `record_ingest` is never used
 --> crates\cherenkov-ingest\src\metrics.rs:3:8
  |
3 | pub fn record_ingest(source: &str) {
  |        ^^^^^^^^^^^^^

warning: function `record_ingest_latency` is never used
 --> crates\cherenkov-ingest\src\metrics.rs:7:8
  |
7 | pub fn record_ingest_latency(source: &str, latency_ms: f64) {
  |        ^^^^^^^^^^^^^^^^^^^^^

warning: function `record_active_sensors` is never used
  --> crates\cherenkov-ingest\src\metrics.rs:11:8
   |
11 | pub fn record_active_sensors(count: usize) {
   |        ^^^^^^^^^^^^^^^^^^^^^

warning: function `record_anomaly_detected` is never used
  --> crates\cherenkov-ingest\src\metrics.rs:15:8
   |
15 | pub fn record_anomaly_detected(severity: &str) {
   |        ^^^^^^^^^^^^^^^^^^^^^^^

warning: field `max_concurrent_sources` is never read
  --> crates\cherenkov-ingest\src\pipeline.rs:19:9
   |
17 | pub struct PipelineConfig {
   |            -------------- field in this struct
18 |     /// Maximum number of concurrent source fetches
19 |     pub max_concurrent_sources: usize,
   |         ^^^^^^^^^^^^^^^^^^^^^^
   |
   = note: `PipelineConfig` has derived impls for the traits `Clone` and `Debug`, but these are intentionally ignored during dead code analysis

warning: methods `len` and `is_empty` are never used
   --> crates\cherenkov-ingest\src\pipeline.rs:204:18
    |
163 | impl DeadLetterQueue {
    | -------------------- methods in this implementation
...
204 |     pub async fn len(&self) -> usize {
    |                  ^^^
...
208 |     pub async fn is_empty(&self) -> bool {
    |                  ^^^^^^^^

warning: method `clear` is never used
   --> crates\cherenkov-ingest\src\pipeline.rs:287:12
    |
253 | impl Deduplicator {
    | ----------------- method in this implementation
...
287 |     pub fn clear(&self) {
    |            ^^^^^

warning: method `stats` is never used
   --> crates\cherenkov-ingest\src\pipeline.rs:547:18
    |
304 | impl IngestionPipeline {
    | ---------------------- method in this implementation
...
547 |     pub async fn stats(&self) -> PipelineStats {
    |                  ^^^^^

warning: struct `PipelineStats` is never constructed
   --> crates\cherenkov-ingest\src\pipeline.rs:575:12
    |
575 | pub struct PipelineStats {
    |            ^^^^^^^^^^^^^

warning: unused imports: `error` and `info`
 --> crates\cherenkov-api\src\graphql\resolvers.rs:5:15
  |
5 | use tracing::{info, error};
  |               ^^^^  ^^^^^
  |
  = note: `#[warn(unused_imports)]` (part of `#[warn(unused)]`) on by default

warning: unused import: `std::pin::Pin`
   --> crates\cherenkov-api\src\graphql\resolvers.rs:215:5
    |
215 | use std::pin::Pin;
    |     ^^^^^^^^^^^^^

warning: unused import: `RadiationReading`
  --> crates\cherenkov-api\src\rest.rs:12:39
   |
12 | use cherenkov_db::{RadiationDatabase, RadiationReading, AggregationLevel};
   |                                       ^^^^^^^^^^^^^^^^

warning: unused import: `futures_util::stream::StreamExt`
  --> crates\cherenkov-api\src\websocket.rs:15:5
   |
15 | use futures_util::stream::StreamExt;
   |     ^^^^^^^^^^^^^^^^^^^^^^^^^^^^^^^

warning: unused import: `State`
 --> crates\cherenkov-api\src\rate_limit.rs:2:24
  |
2 |     extract::{Request, State},
  |                        ^^^^^

warning: unused import: `tower_http::classify::ServerErrorsFailureClass`
  --> crates\cherenkov-api\src\rate_limit.rs:17:5
   |
17 | use tower_http::classify::ServerErrorsFailureClass;
   |     ^^^^^^^^^^^^^^^^^^^^^^^^^^^^^^^^^^^^^^^^^^^^^^

warning: unused import: `RateLimitTier`
  --> crates\cherenkov-api\src\rate_limit.rs:20:19
   |
20 | use crate::auth::{RateLimitTier, get_tier_from_request};
   |                   ^^^^^^^^^^^^^

warning: unused imports: `Alert`, `Anomaly`, and `SensorStatus`
  --> crates\cherenkov-api\src\main.rs:23:48
   |
23 | use cherenkov_core::{EventBus, CherenkovEvent, Anomaly, Alert, SensorStatus};
   |                                                ^^^^^^^  ^^^^^  ^^^^^^^^^^^^

warning: unused variable: `db`
  --> crates\cherenkov-api\src\rest.rs:30:15
   |
30 |     State((_, db, _)): State<(Arc<WebSocketState>, Arc<RadiationDatabase>, Arc<AuthState>)>,
   |               ^^ help: if this is intentional, prefix it with an underscore: `_db`
   |
   = note: `#[warn(unused_variables)]` (part of `#[warn(unused)]`) on by default

warning: variable does not need to be mutable
  --> crates\cherenkov-api\src\main.rs:56:9
   |
56 |     let mut event_rx = event_bus.subscribe();
   |         ----^^^^^^^^
   |         |
   |         help: remove this `mut`
   |
   = note: `#[warn(unused_mut)]` (part of `#[warn(unused)]`) on by default

warning: unused variable: `schema`
  --> crates\cherenkov-api\src\main.rs:49:9
   |
49 |     let schema = build_schema(db.clone()).await?;
   |         ^^^^^^ help: if this is intentional, prefix it with an underscore: `_schema`

warning: function `subscription_handler` is never used
  --> crates\cherenkov-api\src\graphql\mod.rs:15:14
   |
15 | pub async fn subscription_handler(
   |              ^^^^^^^^^^^^^^^^^^^^
   |
   = note: `#[warn(dead_code)]` (part of `#[warn(unused)]`) on by default

warning: struct `SubscriptionRoot` is never constructed
   --> crates\cherenkov-api\src\graphql\resolvers.rs:219:12
    |
219 | pub struct SubscriptionRoot {
    |            ^^^^^^^^^^^^^^^^

warning: associated items `new`, `get_sensor_sender`, and `get_anomaly_sender` are never used
   --> crates\cherenkov-api\src\graphql\resolvers.rs:225:12
    |
224 | impl SubscriptionRoot {
    | --------------------- associated items in this implementation
225 |     pub fn new() -> Self {
    |            ^^^
...
234 |     pub fn get_sensor_sender(&self) -> broadcast::Sender<SensorReading> {
    |            ^^^^^^^^^^^^^^^^^
...
238 |     pub fn get_anomaly_sender(&self) -> broadcast::Sender<AnomalyEvent> {
    |            ^^^^^^^^^^^^^^^^^^

warning: struct `SensorReading` is never constructed
   --> crates\cherenkov-api\src\graphql\resolvers.rs:244:12
    |
244 | pub struct SensorReading {
    |            ^^^^^^^^^^^^^

warning: struct `AnomalyEvent` is never constructed
   --> crates\cherenkov-api\src\graphql\resolvers.rs:253:12
    |
253 | pub struct AnomalyEvent {
    |            ^^^^^^^^^^^^

warning: struct `SensorUpdate` is never constructed
   --> crates\cherenkov-api\src\graphql\resolvers.rs:358:12
    |
358 | pub struct SensorUpdate {
    |            ^^^^^^^^^^^^

warning: struct `AnomalyAlert` is never constructed
   --> crates\cherenkov-api\src\graphql\resolvers.rs:367:12
    |
367 | pub struct AnomalyAlert {
    |            ^^^^^^^^^^^^

warning: struct `SubscriptionRoot` is never constructed
 --> crates\cherenkov-api\src\graphql\subscription.rs:6:12
  |
6 | pub struct SubscriptionRoot;
  |            ^^^^^^^^^^^^^^^^

warning: struct `ReadingUpdate` is never constructed
  --> crates\cherenkov-api\src\graphql\subscription.rs:32:12
   |
32 | pub struct ReadingUpdate {
   |            ^^^^^^^^^^^^^

warning: struct `Alert` is never constructed
  --> crates\cherenkov-api\src\graphql\subscription.rs:39:12
   |
39 | pub struct Alert {
   |            ^^^^^

warning: fields `since` and `limit` are never read
   --> crates\cherenkov-api\src\rest.rs:216:9
    |
214 | pub struct AnomaliesQuery {
    |            -------------- fields in this struct
215 |     pub severity: Option<String>,
216 |     pub since: Option<DateTime<Utc>>,
    |         ^^^^^
217 |     pub limit: Option<i32>,
    |         ^^^^^
    |
    = note: `AnomaliesQuery` has a derived impl for the trait `Debug`, but this is intentionally ignored during dead code analysis

warning: method `websocket_connections` is never used
  --> crates\cherenkov-api\src\auth\mod.rs:39:12
   |
30 | impl RateLimitTier {
   | ------------------ method in this implementation
...
39 |     pub fn websocket_connections(&self) -> u32 {
   |            ^^^^^^^^^^^^^^^^^^^^^

warning: fields `key` and `owner` are never read
  --> crates\cherenkov-api\src\auth\mod.rs:51:9
   |
50 | pub struct ApiKey {
   |            ------ fields in this struct
51 |     pub key: String,
   |         ^^^
52 |     pub tier: RateLimitTier,
53 |     pub owner: String,
   |         ^^^^^
   |
   = note: `ApiKey` has derived impls for the traits `Clone` and `Debug`, but these are intentionally ignored during dead code analysis

warning: method `generate_token` is never used
  --> crates\cherenkov-api\src\auth\mod.rs:90:12
   |
62 | impl AuthState {
   | -------------- method in this implementation
...
90 |     pub fn generate_token(&self, user_id: &str, tier: RateLimitTier) -> anyhow::Result<String> {
   |            ^^^^^^^^^^^^^^

warning: fields `id` and `connected_at` are never read
  --> crates\cherenkov-api\src\websocket.rs:45:9
   |
44 | pub struct ConnectionMeta {
   |            -------------- fields in this struct
45 |     pub id: String,
   |         ^^
46 |     pub connected_at: Instant,
   |         ^^^^^^^^^^^^
   |
   = note: `ConnectionMeta` has a derived impl for the trait `Debug`, but this is intentionally ignored during dead code analysis

warning: fields `sensor_subscriptions` and `batch_tx` are never read
   --> crates\cherenkov-api\src\websocket.rs:104:9
    |
100 | pub struct WebSocketState {
    |            -------------- fields in this struct
...
104 |     pub sensor_subscriptions: RwLock<std::collections::HashMap<String, Vec<String>>>,
    |         ^^^^^^^^^^^^^^^^^^^^
...
108 |     pub batch_tx: mpsc::Sender<Vec<RealTimeUpdate>>,
    |         ^^^^^^^^

warning: method `update_subscriptions` is never used
   --> crates\cherenkov-api\src\websocket.rs:190:18
    |
112 | impl WebSocketState {
    | ------------------- method in this implementation
...
190 |     pub async fn update_subscriptions(&self, conn_id: &str, sensors: Vec<String>, regions: Vec<GeoRegion>) {
    |                  ^^^^^^^^^^^^^^^^^^^^

warning: fields `regions` and `client_info` are never read
   --> crates\cherenkov-api\src\websocket.rs:379:5
    |
374 | struct ClientCommand {
    |        ------------- fields in this struct
...
379 |     regions: Option<Vec<GeoRegion>>,
    |     ^^^^^^^
380 |     client_info: Option<String>,
    |     ^^^^^^^^^^^
    |
    = note: `ClientCommand` has a derived impl for the trait `Debug`, but this is intentionally ignored during dead code analysis

warning: function `rate_limit_middleware` is never used
   --> crates\cherenkov-api\src\rate_limit.rs:109:14
    |
109 | pub async fn rate_limit_middleware(
    |              ^^^^^^^^^^^^^^^^^^^^^

warning: `cherenkov-ingest` (bin "cherenkov-ingest" test) generated 27 warnings (run `cargo fix --bin "cherenkov-ingest" -p cherenkov-ingest --t
ests` to apply 2 suggestions)
warning: `cherenkov-api` (bin "cherenkov-api" test) generated 30 warnings (run `cargo fix --bin "cherenkov-api" -p cherenkov-api --tests` to app
ly 11 suggestions)
warning: `cherenkov-db` (lib test) generated 7 warnings (7 duplicates)
warning: `cherenkov-observability` (lib test) generated 4 warnings (4 duplicates)
    Finished `test` profile [optimized + debuginfo] target(s) in 0.63s
warning: the following packages contain code that will be rejected by a future version of Rust: redis v0.24.0
note: to see what the problems were, use the option `--future-incompat-report`, or run `cargo report future-incompatibilities --id 1`
     Running unittests src\main.rs (target\debug\deps\cherenkov_api-c88eb5783ce073f3.exe)

running 0 tests

test result: ok. 0 passed; 0 failed; 0 ignored; 0 measured; 0 filtered out; finished in 0.00s

     Running unittests src\lib.rs (target\debug\deps\cherenkov_core-70debfb8be2ee94d.exe)

running 0 tests

test result: ok. 0 passed; 0 failed; 0 ignored; 0 measured; 0 filtered out; finished in 0.00s

     Running unittests src\lib.rs (target\debug\deps\cherenkov_db-b473790e44d316c3.exe)

running 0 tests

test result: ok. 0 passed; 0 failed; 0 ignored; 0 measured; 0 filtered out; finished in 0.00s

     Running unittests src\main.rs (target\debug\deps\cherenkov_ingest-651c49e86ec19f08.exe)

running 0 tests

test result: ok. 0 passed; 0 failed; 0 ignored; 0 measured; 0 filtered out; finished in 0.00s

     Running unittests src\lib.rs (target\debug\deps\cherenkov_ml-e8bdbed198c2fa19.exe)

running 0 tests

test result: ok. 0 passed; 0 failed; 0 ignored; 0 measured; 0 filtered out; finished in 0.00s

     Running unittests src\lib.rs (target\debug\deps\cherenkov_observability-73fa113d6d335454.exe)

running 0 tests

test result: ok. 0 passed; 0 failed; 0 ignored; 0 measured; 0 filtered out; finished in 0.00s

     Running unittests src\lib.rs (target\debug\deps\cherenkov_plume-8f557b21435f7da4.exe)

running 0 tests

test result: ok. 0 passed; 0 failed; 0 ignored; 0 measured; 0 filtered out; finished in 0.00s

     Running unittests src\main.rs (target\debug\deps\cherenkov_stream-57b816c8185aacf7.exe)

running 0 tests

test result: ok. 0 passed; 0 failed; 0 ignored; 0 measured; 0 filtered out; finished in 0.00s

   Doc-tests cherenkov_core

running 0 tests

test result: ok. 0 passed; 0 failed; 0 ignored; 0 measured; 0 filtered out; finished in 0.00s

   Doc-tests cherenkov_db

running 0 tests

test result: ok. 0 passed; 0 failed; 0 ignored; 0 measured; 0 filtered out; finished in 0.00s

   Doc-tests cherenkov_ml

running 0 tests

test result: ok. 0 passed; 0 failed; 0 ignored; 0 measured; 0 filtered out; finished in 0.00s

   Doc-tests cherenkov_observability

running 0 tests

test result: ok. 0 passed; 0 failed; 0 ignored; 0 measured; 0 filtered out; finished in 0.00s

   Doc-tests cherenkov_plume

running 0 tests

test result: ok. 0 passed; 0 failed; 0 ignored; 0 measured; 0 filtered out; finished in 0.00s

